C:/Users/louis/Downloads/tempcan/FDCAN_Classic_Frame_Networking/Src/main.c:76:5:main	32	static
C:/Users/louis/Downloads/tempcan/FDCAN_Classic_Frame_Networking/Src/main.c:180:6:SystemClock_Config	120	static
C:/Users/louis/Downloads/tempcan/FDCAN_Classic_Frame_Networking/Src/main.c:237:13:MX_FDCAN1_Init	8	static
C:/Users/louis/Downloads/tempcan/FDCAN_Classic_Frame_Networking/Src/main.c:280:13:MX_ICACHE_Init	8	static
C:/Users/louis/Downloads/tempcan/FDCAN_Classic_Frame_Networking/Src/main.c:308:13:MX_GPIO_Init	16	static
C:/Users/louis/Downloads/tempcan/FDCAN_Classic_Frame_Networking/Src/main.c:330:6:HAL_FDCAN_RxFifo0Callback	16	static
C:/Users/louis/Downloads/tempcan/FDCAN_Classic_Frame_Networking/Src/main.c:354:6:BSP_PB_Callback	16	static
C:/Users/louis/Downloads/tempcan/FDCAN_Classic_Frame_Networking/Src/main.c:380:17:BufferCmp8b	24	static
C:/Users/louis/Downloads/tempcan/FDCAN_Classic_Frame_Networking/Src/main.c:400:6:Error_Handler	8	static
