C:/Users/louis/Downloads/tempcan/FDCAN_Classic_Frame_Networking/Src/main.c:76:5:main	4
C:/Users/louis/Downloads/tempcan/FDCAN_Classic_Frame_Networking/Src/main.c:180:6:SystemClock_Config	4
C:/Users/louis/Downloads/tempcan/FDCAN_Classic_Frame_Networking/Src/main.c:237:13:MX_FDCAN1_Init	2
C:/Users/louis/Downloads/tempcan/FDCAN_Classic_Frame_Networking/Src/main.c:280:13:MX_ICACHE_Init	2
C:/Users/louis/Downloads/tempcan/FDCAN_Classic_Frame_Networking/Src/main.c:308:13:MX_GPIO_Init	1
C:/Users/louis/Downloads/tempcan/FDCAN_Classic_Frame_Networking/Src/main.c:330:6:HAL_FDCAN_RxFifo0Callback	3
C:/Users/louis/Downloads/tempcan/FDCAN_Classic_Frame_Networking/Src/main.c:354:6:BSP_PB_Callback	3
C:/Users/louis/Downloads/tempcan/FDCAN_Classic_Frame_Networking/Src/main.c:380:17:BufferCmp8b	3
C:/Users/louis/Downloads/tempcan/FDCAN_Classic_Frame_Networking/Src/main.c:400:6:Error_Handler	1
